// Jest Snapshot v1, https://goo.gl/fbAQLP

exports[`snapshot tests using snap file 1`] = `
<div>
  <h1>
    0
  </h1>
  <button>
    Increment
  </button>
</div>
`;
